begin
  cout <<  "1 <= 1 " <<  1 <= 1;
  newline;
  cout <<  "3 <= 1 " << 3 <= 1;
  newline;
  cout <<  "1 < 2 " << 1 < 2;
  newline;
  cout << "2 < 1 " << 2 < 1;
  newline;
  cout <<  "2  >1 " << 2  >1;
  newline;
  cout <<"1>2 "<<1>2;
  newline;
  cout <<  "1 != 2 " << 1 != 2;
  newline;
  cout <<  "1 != 1 "<< 1 != 1;
  newline;
  cout <<  "1 == 1 "<< 1 == 1; newline;
  cout <<  "1 == 2 "<<1 == 2; newline;
end;

String Table
0 : 1 <= 1 
1 : 3 <= 1 
2 : 1 < 2 
3 : 2 < 1 
4 : 2  >1 
5 : 1>2 
6 : 1 != 2 
7 : 1 != 1 
8 : 1 == 1 
9 : 1 == 2 


Variable Table


Instruction Table
0: cout  [string: 0] [(1)<=(1)] 
1: endl
2: cout  [string: 1] [(3)<=(1)] 
3: endl
4: cout  [string: 2] [(1)<(2)] 
5: endl
6: cout  [string: 3] [(2)<(1)] 
7: endl
8: cout  [string: 4] [(2)>(1)] 
9: endl
10: cout  [string: 5] [(1)>(2)] 
11: endl
12: cout  [string: 6] [(1)!=(2)] 
13: endl
14: cout  [string: 7] [(1)!=(1)] 
15: endl
16: cout  [string: 8] [(1)==(1)] 
17: endl
18: cout  [string: 9] [(1)==(2)] 
19: endl
20: exit
